{
  "headers": [
    "Breed",
    "Colour",
    "Height",
    "Age",
    "Shoes"
  ],
  "tableData": [],
  "totalRows": 0
}