{
  "headers": [
    "Breed",
    "Colour",
    "Height",
    "Age",
    "Shoes"
  ],
  "tableData": [
    [
      "Thoroughbred",
      "Bay",
      "1.6",
      "3",
      "true"
    ],
    [
      "Thoroughbred",
      "Grey",
      "1.55",
      "3",
      "true"
    ]
  ],
  "totalRows": 2
}